Starting a Gradle Daemon, 1 incompatible and 3 stopped Daemons could not be reused, use --status for details
> Task :eventlens-core:compileJava UP-TO-DATE
> Task :eventlens-core:processResources UP-TO-DATE
> Task :eventlens-core:classes UP-TO-DATE
> Task :eventlens-core:jar UP-TO-DATE
> Task :eventlens-kafka:compileJava UP-TO-DATE
> Task :eventlens-kafka:processResources NO-SOURCE
> Task :eventlens-kafka:classes UP-TO-DATE
> Task :eventlens-kafka:jar UP-TO-DATE
> Task :eventlens-pg:compileJava UP-TO-DATE
> Task :eventlens-pg:processResources NO-SOURCE
> Task :eventlens-pg:classes UP-TO-DATE
> Task :eventlens-pg:jar UP-TO-DATE
> Task :eventlens-api:compileJava UP-TO-DATE
> Task :eventlens-api:processResources NO-SOURCE
> Task :eventlens-api:classes UP-TO-DATE
> Task :eventlens-api:jar UP-TO-DATE

> Task :eventlens-cli:compileJava
.\gradlew.bat : C:\Java Developer\EventDebug\eventlens-cli\src\main\java\io\eventlens\
cli\ServeCommand.java:102: error: cannot access Javalin
At line:1 char:1
+ .\gradlew.bat :eventlens-cli:compileJava > build_errors.txt 2>&1
+ ~~~~~~~~~~~~~~~~~~~~~~~~~~~~~~~~~~~~~~~~~~~~~~~~~~~~~~~~~~~~~~~~
    + CategoryInfo          : NotSpecified: (C:\Java Develop... access Javalin:String 
   ) [], RemoteException
    + FullyQualifiedErrorId : NativeCommandError
 
        liveTail.configure(server.getApp());
                                        ^
  class file for io.javalin.Javalin not found
C:\Java Developer\EventDebug\eventlens-cli\src\main\java\io\eventlens\cli\ServeCommand
.java:102: error: cannot access Javalin
        liveTail.configure(server.getApp());
                ^
  class file for io.javalin.Javalin not found
2 errors

> Task :eventlens-cli:compileJava FAILED

FAILURE: Build failed with an exception.

* What went wrong:
Execution failed for task ':eventlens-cli:compileJava'.
> Compilation failed; see the compiler error output for details.

* Try:
> Run with --info option to get more log output.
> Run with --scan to get full insights.

Deprecated Gradle features were used in this build, making it incompatible with Gradle 9.0.

You can use '--warning-mode all' to show the individual deprecation warnings and determine if they come from your own scripts or plugins.

For more on this, please refer to https://docs.gradle.org/8.9/userguide/command_line_interface.html#sec:command_line_warnings in the Gradle documentation.

BUILD FAILED in 37s
10 actionable tasks: 1 executed, 9 up-to-date
